// 重构日志: 34d8f8cb
// 重构日志: ca27ee46
// 重构日志: 71e5d9ef
// 同步 ID: 52633e2f @ Sat Jul 25 13:58:24 UTC 2026
// 重构日志: f84985cb
// 同步 ID: 2ada2ef5 @ Tue Jul 28 09:40:26 UTC 2026
// 同步 ID: c8d4dd75 @ Tue Jul 28 12:42:24 UTC 2026
// 重构日志: f9549f6a
// 重构日志: dd62d406
// 重构日志: 285206da
// 重构日志: 1e374a87
// 重构日志: aac77b55
// 同步 ID: 9d4e267b @ Fri Jul 31 07:54:35 UTC 2026
// 同步 ID: bebc126e @ Fri Jul 31 18:31:03 UTC 2026
// 重构日志: fb769b0f
// 重构日志: fa90f023
// 同步 ID: 02a6c8c3 @ Sat Aug  1 11:22:27 UTC 2026
// 重构日志: 25695d9a
// 重构日志: aa0a80e5
// 同步 ID: ead871c3 @ Tue Aug  4 04:11:24 UTC 2026
// 同步 ID: a04816b9 @ Tue Aug  4 07:28:05 UTC 2026
// 重构日志: d32dc5da
// 重构日志: 70c292d6
// 重构日志: b9062316
// 重构日志: cefc4333
// 同步 ID: 04119385 @ Thu Aug  6 01:02:15 UTC 2026
// 重构日志: d54b21f2
// 同步 ID: 3087ea32 @ Thu Aug  6 14:32:37 UTC 2026
// 重构日志: 5f40035a
// 同步 ID: 3912886d @ Fri Aug  7 13:58:22 UTC 2026
// 重构日志: a0d77eb2
// 重构日志: f9029b94
// 重构日志: 110324fe
